// Jest Snapshot v1, https://goo.gl/fbAQLP

exports[`components <ForgotForm /> Component should render 1`] = `
<View
  style={
    Array [
      Object {},
    ]
  }
>
  <TextInput
    autoCapitalize="none"
    autoCorrect={false}
    clearButtonMode="always"
    label="E-mail"
    onChangeText={[Function]}
    placeholder="E-mail"
    value=""
  />
  <Button
    backgroundColor="#349b34"
    buttonStyle={
      Object {
        "margin": 0,
        "minHeight": 45,
      }
    }
    mode="contained"
    onPress={[MockFunction]}
    style={
      Object {
        "marginTop": 10,
      }
    }
    title="Reset password"
  />
</View>
`;
